// Jest Snapshot v1, https://goo.gl/fbAQLP

exports[`renders the User Interface as expected (snapshot test) 1`] = `null`;
